// *** Layout predicates ***

predicate ro_Sll(loc x) {
| (x == 0) => { emp }
| (not (x == 0)) => { [x,2] ** x :=> head ** (x+1) :=> tail ** ro_Sll(tail) }
}
predicate ro_ListOfListsLayout(loc x) {
| (x == 0) => { emp }
| (not (x == 0)) => { [x,2] ** x :=> head ** (x+1) :=> tail ** ro_ListOfListsLayout(tail) ** ro_Sll(head) }
}


// *** Function predicates ***

predicate sum__Int__ro_Sll(loc __p_x0, int __r) {
| (__p_x0 == 0) => { __r == 0 ; emp }
| (not (__p_x0 == 0)) => { __r == (head + __p_1) && __temp_0 == __p_1 ; __p_x0 :-> head ** (__p_x0+1) :-> tail ** [__p_x0,2] ** sum__Int__ro_Sll(tail, __temp_0) }
}
predicate mapSum__ro_Sll__ro_ListOfListsLayout(loc __p_x0, loc __r_x) {
| (__p_x0 == 0) => { __r_x == 0 ; emp }
| (not (__p_x0 == 0)) => { __r_x == __p_1 ; __p_x0 :-> xs ** (__p_x0+1) :-> xss ** ro_Sll(xs) ** [__p_x0,2] ** func sum__Int__ro_Sll(__p_x0, __p_1) ** mapSum__ro_Sll__ro_ListOfListsLayout(xss, __p_x4) ** (__r_x+1) :-> __p_x4 ** [__r_x,2] }
}


// *** Function specifications ***

void sum(loc x1, loc r)
  { x1 :-> x1__i ** ro_Sll(x1__i) ** r :-> initialVal }
  { x1 :-> x1__i ** sum__Int__ro_Sll(x1__i, r0) ** r :-> r0 }


void mapSum(loc x1, loc r)
  { x1 :-> x1__i ** ro_ListOfListsLayout(x1__i) ** r :-> initialVal }
  { x1 :-> x1__i ** mapSum__ro_Sll__ro_ListOfListsLayout(x1__i, r0) ** r :-> r0 }
{ ?? }

{r :-> initialVal ** x1 :-> x1__i ** ro_ListOfListsLayout(x1__i)<_alpha_10>}
{r :-> r0 ** x1 :-> x1__i ** mapSum__ro_Sll__ro_ListOfListsLayout(x1__i, r0)<_alpha_11>}
void mapSum (loc x1, loc r) {
  let x = *x1;
  if (x == 0) {
    *r = 0;
  } else {
    let t = *(x + 1);
    *x1 = t;
    mapSum(x1, r);
    let r01 = *r;
    let r0 = malloc(2);
    *r = r0;
    *x1 = x;
    *(r0 + 1) = r01;
    sum__Int__ro_Sll(x, r0);
  }
}



--- Source AST size: 121

--- SuSLik AST size: 220
